Starting…
Running 'Verilator.Lint' at 'runs/RUN_2026-05-21_20-44-53/01-verilator-lint'…
Logging subprocess to [repr.filename]'runs/RUN_2026-05-21_20-44-53/01-verilator-lint/verilator-lint.log'[/repr.filename]…
Running 'Checker.LintTimingConstructs' at 'runs/RUN_2026-05-21_20-44-53/02-checker-linttimingconstructs'…
Check for Lint Timing Errors clear.
Running 'Checker.LintErrors' at 'runs/RUN_2026-05-21_20-44-53/03-checker-linterrors'…
Check for Lint errors clear.
Running 'Checker.LintWarnings' at 'runs/RUN_2026-05-21_20-44-53/04-checker-lintwarnings'…
Check for Lint warnings clear.
Running 'Yosys.JsonHeader' at 'runs/RUN_2026-05-21_20-44-53/05-yosys-jsonheader'…
Logging subprocess to [repr.filename]'runs/RUN_2026-05-21_20-44-53/05-yosys-jsonheader/yosys-jsonheader.log'[/repr.filename]…
Running 'Yosys.Synthesis' at 'runs/RUN_2026-05-21_20-44-53/06-yosys-synthesis'…
Logging subprocess to [repr.filename]'runs/RUN_2026-05-21_20-44-53/06-yosys-synthesis/yosys-synthesis.log'[/repr.filename]…
Parsing synthesis checks…
Running 'Checker.YosysUnmappedCells' at 'runs/RUN_2026-05-21_20-44-53/07-checker-yosysunmappedcells'…
Check for Unmapped Yosys instances clear.
Running 'Checker.YosysSynthChecks' at 'runs/RUN_2026-05-21_20-44-53/08-checker-yosyssynthchecks'…
Check for Yosys check errors clear.
Running 'Checker.NetlistAssignStatements' at 'runs/RUN_2026-05-21_20-44-53/09-checker-netlistassignstatements'…
Running 'OpenROAD.CheckSDCFiles' at 'runs/RUN_2026-05-21_20-44-53/10-openroad-checksdcfiles'…
'PNR_SDC_FILE' is not defined. Using generic fallback SDC for OpenROAD PnR steps.
'SIGNOFF_SDC_FILE' is not defined. Using generic fallback SDC for OpenROAD PnR steps.
Running 'OpenROAD.CheckMacroInstances' at 'runs/RUN_2026-05-21_20-44-53/11-openroad-checkmacroinstances'…
No macros found, skipping instance check…
Running 'OpenROAD.STAPrePNR' at 'runs/RUN_2026-05-21_20-44-53/12-openroad-staprepnr'…
Starting STA for the nom_tt_025C_1v80 timing corner…
Starting STA for the nom_ss_100C_1v60 timing corner…
Starting STA for the nom_ff_n40C_1v95 timing corner…
Skipping corner min_tt_025C_1v80 for STA (identical to nom_tt_025C_1v80 at this stage)…
Logging subprocess to [repr.filename]'runs/RUN_2026-05-21_20-44-53/12-openroad-staprepnr/nom_tt_025C_1v80/sta.log'[/repr.filename]…
Skipping corner min_ss_100C_1v60 for STA (identical to nom_ss_100C_1v60 at this stage)…
Skipping corner min_ff_n40C_1v95 for STA (identical to nom_ff_n40C_1v95 at this stage)…
Skipping corner max_tt_025C_1v80 for STA (identical to nom_tt_025C_1v80 at this stage)…
Skipping corner max_ss_100C_1v60 for STA (identical to nom_ss_100C_1v60 at this stage)…
Skipping corner max_ff_n40C_1v95 for STA (identical to nom_ff_n40C_1v95 at this stage)…
Logging subprocess to [repr.filename]'runs/RUN_2026-05-21_20-44-53/12-openroad-staprepnr/nom_ff_n40C_1v95/sta.log'[/repr.filename]…
Logging subprocess to [repr.filename]'runs/RUN_2026-05-21_20-44-53/12-openroad-staprepnr/nom_ss_100C_1v60/sta.log'[/repr.filename]…
Finished STA for the nom_ff_n40C_1v95 timing corner.
Finished STA for the nom_tt_025C_1v80 timing corner.
Finished STA for the nom_ss_100C_1v60 timing corner.
Running 'OpenROAD.Floorplan' at 'runs/RUN_2026-05-21_20-44-53/13-openroad-floorplan'…
Logging subprocess to [repr.filename]'runs/RUN_2026-05-21_20-44-53/13-openroad-floorplan/openroad-floorplan.log'[/repr.filename]…
Running 'Odb.CheckMacroAntennaProperties' at 'runs/RUN_2026-05-21_20-44-53/14-odb-checkmacroantennaproperties'…
No cells provided, skipping…
Running 'Odb.SetPowerConnections' at 'runs/RUN_2026-05-21_20-44-53/15-odb-setpowerconnections'…
Logging subprocess to [repr.filename]'runs/RUN_2026-05-21_20-44-53/15-odb-setpowerconnections/odb-setpowerconnections.log'[/repr.filename]…
Running 'Odb.ManualMacroPlacement' at 'runs/RUN_2026-05-21_20-44-53/16-odb-manualmacroplacement'…
No instances found, skipping 'Odb.ManualMacroPlacement'…
Running 'OpenROAD.CutRows' at 'runs/RUN_2026-05-21_20-44-53/17-openroad-cutrows'…
Logging subprocess to [repr.filename]'runs/RUN_2026-05-21_20-44-53/17-openroad-cutrows/openroad-cutrows.log'[/repr.filename]…
Running 'OpenROAD.TapEndcapInsertion' at 'runs/RUN_2026-05-21_20-44-53/18-openroad-tapendcapinsertion'…
Logging subprocess to [repr.filename]'runs/RUN_2026-05-21_20-44-53/18-openroad-tapendcapinsertion/openroad-tapendcapinsertion.log'[/repr.filename]…
Running 'Odb.AddPDNObstructions' at 'runs/RUN_2026-05-21_20-44-53/19-odb-addpdnobstructions'…
'PDN_OBSTRUCTIONS' is not defined. Skipping 'Odb.AddPDNObstructions'…
Running 'OpenROAD.GeneratePDN' at 'runs/RUN_2026-05-21_20-44-53/20-openroad-generatepdn'…
'FP_PDN_CFG' not explicitly set, setting it to /nix/store/ss2cw3sxbrwwx9jl0rrppbw4kgcmgi2n-python3-3.11.9-env/lib/python3.11/site-packages/openlane/scripts/openroad/common/pdn_cfg.tcl…
Logging subprocess to [repr.filename]'runs/RUN_2026-05-21_20-44-53/20-openroad-generatepdn/openroad-generatepdn.log'[/repr.filename]…
Running 'Odb.RemovePDNObstructions' at 'runs/RUN_2026-05-21_20-44-53/21-odb-removepdnobstructions'…
'PDN_OBSTRUCTIONS' is not defined. Skipping 'Odb.RemovePDNObstructions'…
Running 'Odb.AddRoutingObstructions' at 'runs/RUN_2026-05-21_20-44-53/22-odb-addroutingobstructions'…
'ROUTING_OBSTRUCTIONS' is not defined. Skipping 'Odb.AddRoutingObstructions'…
Running 'OpenROAD.GlobalPlacementSkipIO' at 'runs/RUN_2026-05-21_20-44-53/23-openroad-globalplacementskipio'…
'PL_TARGET_DENSITY_PCT' not explicitly set, using dynamically calculated target density: 51.787300…
Logging subprocess to [repr.filename]'runs/RUN_2026-05-21_20-44-53/23-openroad-globalplacementskipio/openroad-globalplacementskipio.log'[/repr.filename]…
Running 'OpenROAD.IOPlacement' at 'runs/RUN_2026-05-21_20-44-53/24-openroad-ioplacement'…
Logging subprocess to [repr.filename]'runs/RUN_2026-05-21_20-44-53/24-openroad-ioplacement/openroad-ioplacement.log'[/repr.filename]…
Running 'Odb.CustomIOPlacement' at 'runs/RUN_2026-05-21_20-44-53/25-odb-customioplacement'…
No custom floorplan file configured, skipping…
Running 'Odb.ApplyDEFTemplate' at 'runs/RUN_2026-05-21_20-44-53/26-odb-applydeftemplate'…
No DEF template provided, skipping…
Running 'OpenROAD.GlobalPlacement' at 'runs/RUN_2026-05-21_20-44-53/27-openroad-globalplacement'…
'PL_TARGET_DENSITY_PCT' not explicitly set, using dynamically calculated target density: 51.787300…
Logging subprocess to [repr.filename]'runs/RUN_2026-05-21_20-44-53/27-openroad-globalplacement/openroad-globalplacement.log'[/repr.filename]…
Running 'Odb.WriteVerilogHeader' at 'runs/RUN_2026-05-21_20-44-53/28-odb-writeverilogheader'…
Logging subprocess to [repr.filename]'runs/RUN_2026-05-21_20-44-53/28-odb-writeverilogheader/odb-writeverilogheader.log'[/repr.filename]…
Running 'Checker.PowerGridViolations' at 'runs/RUN_2026-05-21_20-44-53/29-checker-powergridviolations'…
Check for power grid violations (as reported by OpenROAD PSM- you may ignore these if LVS passes) clear.
Running 'OpenROAD.STAMidPNR' at 'runs/RUN_2026-05-21_20-44-53/30-openroad-stamidpnr'…
Logging subprocess to [repr.filename]'runs/RUN_2026-05-21_20-44-53/30-openroad-stamidpnr/openroad-stamidpnr.log'[/repr.filename]…
[GRT-0097] No global routing found for nets.
Running 'OpenROAD.RepairDesignPostGPL' at 'runs/RUN_2026-05-21_20-44-53/31-openroad-repairdesignpostgpl'…
Logging subprocess to [repr.filename]'runs/RUN_2026-05-21_20-44-53/31-openroad-repairdesignpostgpl/openroad-repairdesignpostgpl.log'[/repr.filename]…
Running 'Odb.ManualGlobalPlacement' at 'runs/RUN_2026-05-21_20-44-53/32-odb-manualglobalplacement'…
'MANUAL_GLOBAL_PLACEMENTS' not set, skipping…
Running 'OpenROAD.DetailedPlacement' at 'runs/RUN_2026-05-21_20-44-53/33-openroad-detailedplacement'…
Logging subprocess to [repr.filename]'runs/RUN_2026-05-21_20-44-53/33-openroad-detailedplacement/openroad-detailedplacement.log'[/repr.filename]…
Running 'OpenROAD.CTS' at 'runs/RUN_2026-05-21_20-44-53/34-openroad-cts'…
Logging subprocess to [repr.filename]'runs/RUN_2026-05-21_20-44-53/34-openroad-cts/openroad-cts.log'[/repr.filename]…
Running 'OpenROAD.STAMidPNR-1' at 'runs/RUN_2026-05-21_20-44-53/35-openroad-stamidpnr-1'…
Logging subprocess to [repr.filename]'runs/RUN_2026-05-21_20-44-53/35-openroad-stamidpnr-1/openroad-stamidpnr-1.log'[/repr.filename]…
[GRT-0097] No global routing found for nets.
Running 'OpenROAD.ResizerTimingPostCTS' at 'runs/RUN_2026-05-21_20-44-53/36-openroad-resizertimingpostcts'…
Logging subprocess to [repr.filename]'runs/RUN_2026-05-21_20-44-53/36-openroad-resizertimingpostcts/openroad-resizertimingpostcts.log'[/repr.filename]…
[RSZ-0062] Unable to repair all setup violations.
Running 'OpenROAD.STAMidPNR-2' at 'runs/RUN_2026-05-21_20-44-53/37-openroad-stamidpnr-2'…
Logging subprocess to [repr.filename]'runs/RUN_2026-05-21_20-44-53/37-openroad-stamidpnr-2/openroad-stamidpnr-2.log'[/repr.filename]…
[GRT-0097] No global routing found for nets.
Running 'OpenROAD.GlobalRouting' at 'runs/RUN_2026-05-21_20-44-53/38-openroad-globalrouting'…
Logging subprocess to [repr.filename]'runs/RUN_2026-05-21_20-44-53/38-openroad-globalrouting/openroad-globalrouting.log'[/repr.filename]…
Running 'OpenROAD.CheckAntennas' at 'runs/RUN_2026-05-21_20-44-53/39-openroad-checkantennas'…
Logging subprocess to [repr.filename]'runs/RUN_2026-05-21_20-44-53/39-openroad-checkantennas/openroad-checkantennas.log'[/repr.filename]…
Gating variable for step 'OpenROAD.RepairDesignPostGRT' set to 'False'- the step will be skipped.
Skipping step 'Repair Design (Post-Global Routing)'…
Running 'Odb.DiodesOnPorts' at 'runs/RUN_2026-05-21_20-44-53/40-odb-diodesonports'…
'DIODE_ON_PORTS' is set to 'none': skipping…
Gating variable for step 'Odb.HeuristicDiodeInsertion' set to 'False'- the step will be skipped.
Skipping step 'Heuristic Diode Insertion'…
Running 'OpenROAD.RepairAntennas' at 'runs/RUN_2026-05-21_20-44-53/41-openroad-repairantennas'…
Running 'DiodeInsertion' at 'runs/RUN_2026-05-21_20-44-53/41-openroad-repairantennas/1-diodeinsertion'…
Logging subprocess to [repr.filename]'runs/RUN_2026-05-21_20-44-53/41-openroad-repairantennas/1-diodeinsertion/diodeinsertion.log'[/repr.filename]…
Running 'OpenROAD.CheckAntennas' at 'runs/RUN_2026-05-21_20-44-53/41-openroad-repairantennas/2-openroad-checkantennas'…
Logging subprocess to [repr.filename]'runs/RUN_2026-05-21_20-44-53/41-openroad-repairantennas/2-openroad-checkantennas/openroad-checkantennas.log'[/repr.filename]…
Gating variable for step 'OpenROAD.ResizerTimingPostGRT' set to 'False'- the step will be skipped.
Skipping step 'Resizer Timing Optimizations (Post-Global Routing)'…
Running 'OpenROAD.STAMidPNR-3' at 'runs/RUN_2026-05-21_20-44-53/42-openroad-stamidpnr-3'…
Logging subprocess to [repr.filename]'runs/RUN_2026-05-21_20-44-53/42-openroad-stamidpnr-3/openroad-stamidpnr-3.log'[/repr.filename]…
Running 'OpenROAD.DetailedRouting' at 'runs/RUN_2026-05-21_20-44-53/43-openroad-detailedrouting'…
Running TritonRoute with 22 threads…
Logging subprocess to [repr.filename]'runs/RUN_2026-05-21_20-44-53/43-openroad-detailedrouting/openroad-detailedrouting.log'[/repr.filename]…
[DRT-0349] LEF58_ENCLOSURE with no CUTCLASS is not supported. Skipping for layer mcon
[DRT-0349] LEF58_ENCLOSURE with no CUTCLASS is not supported. Skipping for layer mcon
[DRT-0349] LEF58_ENCLOSURE with no CUTCLASS is not supported. Skipping for layer via
[DRT-0349] LEF58_ENCLOSURE with no CUTCLASS is not supported. Skipping for layer via
[DRT-0349] LEF58_ENCLOSURE with no CUTCLASS is not supported. Skipping for layer via2
[DRT-0349] LEF58_ENCLOSURE with no CUTCLASS is not supported. Skipping for layer via2
[DRT-0349] LEF58_ENCLOSURE with no CUTCLASS is not supported. Skipping for layer via3
[DRT-0349] LEF58_ENCLOSURE with no CUTCLASS is not supported. Skipping for layer via3
[DRT-0349] LEF58_ENCLOSURE with no CUTCLASS is not supported. Skipping for layer via4
[DRT-0349] LEF58_ENCLOSURE with no CUTCLASS is not supported. Skipping for layer via4
'PNR_SDC_FILE' is not defined. Using generic fallback SDC for OpenROAD PnR steps.
'SIGNOFF_SDC_FILE' is not defined. Using generic fallback SDC for OpenROAD PnR steps.
[GRT-0097] No global routing found for nets.
[GRT-0097] No global routing found for nets.
[RSZ-0062] Unable to repair all setup violations.
[GRT-0097] No global routing found for nets.
[DRT-0349] LEF58_ENCLOSURE with no CUTCLASS is not supported. Skipping for layer mcon
[DRT-0349] LEF58_ENCLOSURE with no CUTCLASS is not supported. Skipping for layer mcon
[DRT-0349] LEF58_ENCLOSURE with no CUTCLASS is not supported. Skipping for layer via
[DRT-0349] LEF58_ENCLOSURE with no CUTCLASS is not supported. Skipping for layer via
[DRT-0349] LEF58_ENCLOSURE with no CUTCLASS is not supported. Skipping for layer via2
[DRT-0349] LEF58_ENCLOSURE with no CUTCLASS is not supported. Skipping for layer via2
[DRT-0349] LEF58_ENCLOSURE with no CUTCLASS is not supported. Skipping for layer via3
[DRT-0349] LEF58_ENCLOSURE with no CUTCLASS is not supported. Skipping for layer via3
[DRT-0349] LEF58_ENCLOSURE with no CUTCLASS is not supported. Skipping for layer via4
[DRT-0349] LEF58_ENCLOSURE with no CUTCLASS is not supported. Skipping for layer via4
